<Keyword>quadrantChart</Keyword><br/>
<Normal>  </Normal><Keyword>title</Keyword><Text> Reach and engagement\\ of campaigns</Text><br/>
<Normal>  </Normal><Keyword>x-axis</Keyword><Normal> </Normal><Text>Low Reach</Text><Link>--></Link><Normal> </Normal><Quoted Text Delimiter>"</Quoted Text Delimiter><Quoted Text>High *dsReach*\*</Quoted Text><Quoted Text Delimiter>"</Quoted Text Delimiter><Text> ok</Text><br/>
<Normal>  </Normal><Keyword>y-axis</Keyword><Normal> </Normal><Text>Low Engagement </Text><Error>"</Error><Text>X</Text><Error>"</Error><Text> </Text><Link>--></Link><Normal> </Normal><Text>High Engagement</Text><br/>
<Normal>  </Normal><Keyword>quadrant-1</Keyword><Normal> </Normal><Text>We should expand</Text><br/>
<Normal>  </Normal><Keyword>quadrant-2</Keyword><Normal> </Normal><Text>Need to promote </Text><Keyword>y-axis</Keyword><Text>oups </Text><Comment>%% error...</Comment><br/>
<Normal>  </Normal><Keyword>quadrant-3</Keyword><Normal> </Normal><Text>Re-evaluate</Text><Symbol Separator>;</Symbol Separator><Keyword>quadrant-4</Keyword><Normal> </Normal><Text>+titlequadrantCharstitle May be improv%/&' </Text><Comment>%%%;</Comment><br/>
<Normal>  </Normal><Node>Campaign A</Node><Node Separator>:</Node Separator><Normal> </Normal><Shape>[</Shape><Number>0.9</Number><List Separator>,</List Separator><Normal> </Normal><Number>0.0</Number><Shape>]</Shape><Normal> </Normal><Style Property>radius</Style Property><Style Property Separator>:</Style Property Separator><Normal> </Normal><Number>12</Number><br/>
<Normal>  </Normal><Comment>%% ;(a){a}[a]<>~:"|^@ %%</Comment><br/>
<Normal>  </Normal><Quoted Text Delimiter>"</Quoted Text Delimiter><Quoted Text>&*=\!+?*Mdddddddd*</Quoted Text><Quoted Text Delimiter>"</Quoted Text Delimiter><Node Separator>:</Node Separator><Normal> </Normal><Shape>[</Shape><Number>0.1</Number><List Separator>,</List Separator><Normal> </Normal><Number>0.3</Number><Shape>]</Shape><Normal> </Normal><Style Property>radius</Style Property><Style Property Separator>:</Style Property Separator><Normal> </Normal><Number>1</Number><br/>
<Normal>  </Normal><Node>Campaign B</Node><Class Name Delimiter>:::</Class Name Delimiter><Class Name>class1</Class Name><Node Separator>:</Node Separator><Normal> </Normal><Shape>[</Shape><Number>0</Number><List Separator>,</List Separator><Normal> </Normal><Number>1</Number><Shape>]</Shape><Normal> </Normal><br/>
<Normal>  </Normal><Node>Campaign C</Node><Node Separator>:</Node Separator><Normal> </Normal><Shape>[</Shape><Number>0.7</Number><List Separator>,</List Separator><Normal> </Normal><Number>0.2</Number><Shape>]</Shape><Normal> </Normal><Style Property>radius</Style Property><Style Property Separator>:</Style Property Separator><Normal> </Normal><Number>25</Number><List Separator>,</List Separator><Normal> </Normal><Style Property>color</Style Property><Style Property Separator>:</Style Property Separator><Normal> </Normal><Style Hexadeximal Color>#00ff33</Style Hexadeximal Color><List Separator>,</List Separator><Normal> </Normal><Style Property>stroke-color</Style Property><Style Property Separator>:</Style Property Separator><Normal> </Normal><Style Hexadeximal Color>#10f</Style Hexadeximal Color><Error>0f0</Error><Symbol Separator>;</Symbol Separator><Normal>  </Normal><Comment>%% no color...</Comment><br/>
<Normal>  </Normal><Node>Campaign D</Node><Node Separator>:</Node Separator><Normal> </Normal><Shape>[</Shape><Number>0.6</Number><List Separator>,</List Separator><Normal> </Normal><Number>0.3</Number><Shape>]</Shape><Normal>                             </Normal><Style Property>stroke-color</Style Property><Style Property Separator>:</Style Property Separator><Normal> </Normal><Style Hexadeximal Color>#10f0f0</Style Hexadeximal Color><Normal> </Normal><Symbol Separator>;</Symbol Separator><Normal> </Normal><Comment>%% color</Comment><br/>
<Normal>  </Normal><Node>a.`sdf`*dsds*%#`%/#----$E</Node><Class Name Delimiter>:::</Class Name Delimiter><Error> </Error><Class Name>class2</Class Name><Normal> </Normal><Node Separator>:</Node Separator><Normal> </Normal><Shape>[</Shape><Number>0.5</Number><List Separator>,</List Separator><Normal> </Normal><Number>0.4</Number><Shape>]</Shape><Symbol Separator>;</Symbol Separator><Node>Campaign F</Node><Class Name Delimiter>:::</Class Name Delimiter><Class Name>class3</Class Name><Node Separator>:</Node Separator><Normal> </Normal><Shape>[</Shape><Number>0.4</Number><List Separator>,</List Separator><Normal> </Normal><Number>0.5</Number><Shape>]</Shape><br/>
<Normal>  </Normal><Keyword>classDef</Keyword><Normal> </Normal><Class Name>class1</Class Name><Normal> </Normal><Style Property>color</Style Property><Style Property Separator>:</Style Property Separator><Normal> </Normal><Style Hexadeximal Color>#109060</Style Hexadeximal Color><br/>
<Normal>  </Normal><Keyword>classDef</Keyword><Normal> </Normal><Class Name>class2</Class Name><Normal> </Normal><Style Property>color</Style Property><Style Property Separator>:</Style Property Separator><Normal> </Normal><Style Hexadeximal Color>#908342</Style Hexadeximal Color><List Separator>,</List Separator><Normal> </Normal><Style Property>radius</Style Property><Normal> </Normal><Style Property Separator>:</Style Property Separator><Normal> </Normal><Number>10</Number><List Separator>,</List Separator><Normal> </Normal><Style Property>stroke-color</Style Property><Style Property Separator>:</Style Property Separator><Normal> </Normal><Style Hexadeximal Color>#310085</Style Hexadeximal Color><List Separator>,</List Separator><Normal> </Normal><Style Property>stroke-width</Style Property><Style Property Separator>:</Style Property Separator><Normal> </Normal><Number>10</Number><Style Unit>px</Style Unit><br/>
<Normal>  </Normal><Keyword>classDef</Keyword><Normal> </Normal><Class Name>class3</Class Name><Normal> unknown-prop</Normal><Style Property Separator>:</Style Property Separator><Normal> </Normal><Style Hexadeximal Color>#f00fff</Style Hexadeximal Color><List Separator>,</List Separator><Normal> </Normal><Style Property>radius</Style Property><Normal> </Normal><Style Property Separator>:</Style Property Separator><Normal> </Normal><Number>10</Number><br/>
