<Keyword>object</Keyword><Normal Text> HelloWorld </Normal Text><Symbol>{</Symbol><br/>
<Normal Text>	</Normal Text><Keyword>def</Keyword><Normal Text> </Normal Text><Function>main</Function><Symbol>(</Symbol><Normal Text>args</Normal Text><Symbol>:</Symbol><Normal Text> </Normal Text><Java15>Array</Java15><Symbol>[</Symbol><Java15>String</Java15><Symbol>]):</Symbol><Normal Text> </Normal Text><Scala2>Unit</Scala2><Normal Text> </Normal Text><Symbol>=</Symbol><Normal Text> </Normal Text><Symbol>{</Symbol><br/>
<Normal Text>		</Normal Text><Function>println</Function><Symbol>(</Symbol><String>"""a""a</String><String Char>\n\uuu2132</String Char><Error>\u23</Error><String>""""""""</String><Symbol>)</Symbol><br/>
<Normal Text>		</Normal Text><Control Flow>if</Control Flow><Normal Text> </Normal Text><Symbol>(</Symbol><Keyword>true</Keyword><Normal Text> </Normal Text><Symbol>==</Symbol><Normal Text> </Normal Text><Keyword>null</Keyword><Symbol>)</Symbol><Normal Text> </Normal Text><Function>println</Function><Symbol>(</Symbol><Raw String>raw"""</Raw String><br/>
<String>\n</String><String Interpolation>$a${</String Interpolation><Decimal>1</Decimal><String Interpolation> </String Interpolation><Symbol>+</Symbol><String Interpolation> </String Interpolation><Decimal>2</Decimal><String Interpolation>}</String Interpolation><br/>
<Raw String>"""</Raw String><Symbol>)</Symbol><br/>
<Normal Text>		obj</Normal Text><Symbol>.</Symbol><Function>foo</Function><Symbol>(</Symbol><Decimal>123</Decimal><Symbol>,</Symbol><Normal Text> </Normal Text><Float>.44d</Float><Symbol>,</Symbol><Normal Text> </Normal Text><Hex>0X333</Hex><Decimal>l</Decimal><Symbol>,</Symbol><Normal Text> </Normal Text><Char>'a'</Char><Symbol>,</Symbol><Normal Text> </Normal Text><String>"bc"</String><Symbol>)</Symbol><br/>
<Normal Text>		</Normal Text><Data Type>int</Data Type><Normal Text> i </Normal Text><Symbol>=</Symbol><Normal Text> </Normal Text><Decimal>0</Decimal><Symbol>;</Symbol><Normal Text> </Normal Text><Data Type>int</Data Type><Normal Text> j </Normal Text><Symbol>=</Symbol><Normal Text> </Normal Text><Decimal>0</Decimal><Symbol>;</Symbol><br/>
<Normal Text>		</Normal Text><String Interpolation>f"""$i%d</String Interpolation><String>xyz</String><String Interpolation>"""</String Interpolation><br/>
<Normal Text>	</Normal Text><Symbol>}</Symbol><br/>
<Symbol>}</Symbol><br/>
