<Comment>-- PostgreSQL doesn't use # as comment</Comment><br/>
<Keyword>select</Keyword><Normal Text> jsoncol </Normal Text><Operator>#></Operator><Normal Text> </Normal Text><Keyword>array</Keyword><Normal Text>[</Normal Text><String>'p1'</String><Normal Text>, </Normal Text><String>'p2'</String><Normal Text>]</Normal Text><br/>
<Keyword>from</Keyword><Normal Text> some_table</Normal Text><br/>
<Keyword>where</Keyword><Normal Text> col</Normal Text><Operator>#-</Operator><String>'{1, a}'</String><Normal Text> </Normal Text><Operator>@</Operator><Normal Text>? </Normal Text><String>'$.b ? (@ > 0)'</String><Normal Text>;</Normal Text><br/>
