<Comment>/// </Comment><HTML Tag><reference</HTML Tag><Identifier> types=</Identifier><Types>"node"</Types><Identifier> </Identifier><HTML Tag>/></HTML Tag><br/>
<Normal Text></Normal Text><br/>
<Comment>// TypeScript Test</Comment><br/>
<Normal Text></Normal Text><br/>
<Reserved>class</Reserved><Normal Text> </Normal Text><Normal Text>Student </Normal Text><Symbol>{</Symbol><br/>
<Normal Text>    fullName</Normal Text><Symbol>:</Symbol><Normal Text> </Normal Text><Types/Primitives>string</Types/Primitives><Symbol>;</Symbol><br/>
<Normal Text>    </Normal Text><Reserved>constructor</Reserved><Normal Text>(</Normal Text><Reserved>public</Reserved><Normal Text> firstName</Normal Text><Symbol>:</Symbol><Normal Text> </Normal Text><Types/Primitives>string</Types/Primitives><Symbol>,</Symbol><Normal Text> </Normal Text><Reserved>public</Reserved><Normal Text> middleInitial</Normal Text><Symbol>:</Symbol><Normal Text> </Normal Text><Types/Primitives>string</Types/Primitives><Symbol>,</Symbol><Normal Text> </Normal Text><Reserved>public</Reserved><Normal Text> lastName</Normal Text><Symbol>:</Symbol><Normal Text> </Normal Text><Types/Primitives>string</Types/Primitives><Normal Text>) </Normal Text><Symbol>{</Symbol><br/>
<Normal Text>        </Normal Text><Keyword>this</Keyword><Normal Text>.</Normal Text><Object Member>fullName</Object Member><Normal Text> </Normal Text><Symbol>=</Symbol><Normal Text> </Normal Text><Normal Text>firstName </Normal Text><Symbol>+</Symbol><Normal Text> </Normal Text><String>" "</String><Normal Text> </Normal Text><Symbol>+</Symbol><Normal Text> </Normal Text><Normal Text>middleInitial </Normal Text><Symbol>+</Symbol><Normal Text> </Normal Text><String>" "</String><Normal Text> </Normal Text><Symbol>+</Symbol><Normal Text> </Normal Text><Normal Text>lastName</Normal Text><Symbol>;</Symbol><br/>
<Normal Text>    </Normal Text><Symbol>}</Symbol><br/>
<Symbol>}</Symbol><br/>
<Normal Text></Normal Text><br/>
<Reserved>interface</Reserved><Normal Text> </Normal Text><Normal Text>Person </Normal Text><Symbol>{</Symbol><br/>
<Normal Text>    firstName</Normal Text><Symbol>:</Symbol><Normal Text> </Normal Text><Types/Primitives>string</Types/Primitives><Symbol>;</Symbol><br/>
<Normal Text>    lastName</Normal Text><Symbol>:</Symbol><Normal Text> </Normal Text><Types/Primitives>string</Types/Primitives><Symbol>;</Symbol><br/>
<Symbol>}</Symbol><br/>
<Normal Text></Normal Text><br/>
<Keyword>function</Keyword><Normal Text> </Normal Text><Function Name>greeter</Function Name><Normal Text>(person </Normal Text><Symbol>:</Symbol><Normal Text> </Normal Text><Normal Text>Person) </Normal Text><Symbol>{</Symbol><br/>
<Normal Text>    </Normal Text><ControlFlow>return</ControlFlow><Normal Text> </Normal Text><String>"Hello, "</String><Normal Text> </Normal Text><Symbol>+</Symbol><Normal Text> </Normal Text><Objects>person</Objects><Symbol>.</Symbol><Object Member>firstName</Object Member><Normal Text> </Normal Text><Symbol>+</Symbol><Normal Text> </Normal Text><String>" "</String><Normal Text> </Normal Text><Symbol>+</Symbol><Normal Text> </Normal Text><Objects>person</Objects><Symbol>.</Symbol><Object Member>lastName</Object Member><Symbol>;</Symbol><br/>
<Symbol>}</Symbol><br/>
<Normal Text></Normal Text><br/>
<Reserved>let</Reserved><Normal Text> </Normal Text><Normal Text>user </Normal Text><Symbol>=</Symbol><Normal Text> </Normal Text><Keyword>new</Keyword><Normal Text> </Normal Text><Function Name>Student</Function Name><Normal Text>(</Normal Text><String>"Jane"</String><Symbol>,</Symbol><Normal Text> </Normal Text><String>"M."</String><Symbol>,</Symbol><Normal Text> </Normal Text><String>"User"</String><Normal Text>)</Normal Text><Symbol>;</Symbol><br/>
<Normal Text></Normal Text><br/>
<Built-in Objects>document</Built-in Objects><Symbol>.</Symbol><Object Property (Built-in)>body</Object Property (Built-in)><Normal Text>.</Normal Text><Object Member>innerHTML</Object Member><Normal Text> </Normal Text><Symbol>=</Symbol><Normal Text> </Normal Text><Function Name>greeter</Function Name><Normal Text>(</Normal Text><Normal Text>user)</Normal Text><Symbol>;</Symbol><br/>
<Built-in Objects>JSON</Built-in Objects><Symbol>.</Symbol><Object Method (Built-in)>stringify</Object Method (Built-in)><Normal Text>(</Normal Text><Normal Text>)</Normal Text><br/>
<Built-in Objects>console</Built-in Objects><Symbol>.</Symbol><Object Method (Built-in)>log</Object Method (Built-in)><Normal Text>(</Normal Text><String>"Hello world"</String><Normal Text>)</Normal Text><Symbol>;</Symbol><br/>
<Normal Text></Normal Text><br/>
<Module>import</Module><Normal Text> </Normal Text><Normal Text>http </Normal Text><Symbol>=</Symbol><Keyword> require</Keyword><Symbol>(</Symbol><String>"http"</String><Symbol>)</Symbol><Symbol>;</Symbol><br/>
<Module>import</Module><Normal Text> </Normal Text><Normal Text>path </Normal Text><Symbol>=</Symbol><Keyword> require</Keyword><Symbol>(</Symbol><String>"path"</String><Symbol>)</Symbol><Symbol>;</Symbol><br/>
<Module>import</Module><Normal Text> </Normal Text><Normal Text>URL </Normal Text><Symbol>=</Symbol><Normal Text> </Normal Text><Objects>url</Objects><Symbol>.</Symbol><Object Member>URL</Object Member><Symbol>;</Symbol><br/>
<Module>import</Module><Normal Text> </Normal Text><Symbol>{</Symbol><Normal Text> </Normal Text><Normal Text>Readable</Normal Text><Symbol>,</Symbol><Normal Text> </Normal Text><Normal Text>Writable </Normal Text><Symbol>}</Symbol><Normal Text> </Normal Text><Module>from</Module><Normal Text> </Normal Text><String>"stream"</String><Symbol>;</Symbol><br/>
<Module>import</Module><Normal Text> </Normal Text><Symbol>{</Symbol><Normal Text> </Normal Text><Normal Text>isBuffer</Normal Text><Symbol>,</Symbol><Normal Text> </Normal Text><Normal Text>isString</Normal Text><Symbol>,</Symbol><Normal Text> </Normal Text><Normal Text>isObject </Normal Text><Symbol>}</Symbol><Normal Text> </Normal Text><Module>from</Module><Normal Text> </Normal Text><String>"util"</String><Symbol>;</Symbol><br/>
<Normal Text></Normal Text><br/>
<Keyword>const</Keyword><Normal Text> </Normal Text><Normal Text>port </Normal Text><Symbol>=</Symbol><Normal Text> </Normal Text><Decimal>8__88___8</Decimal><Symbol>;</Symbol><br/>
<Keyword>const</Keyword><Normal Text> </Normal Text><Normal Text>baseUrl </Normal Text><Symbol>=</Symbol><Normal Text> </Normal Text><Keyword>new</Keyword><Normal Text> </Normal Text><Function Name>URL</Function Name><Normal Text>(</Normal Text><Template>`http://localhost:</Template><Substitution>${</Substitution><Normal Text>port</Normal Text><Substitution>}</Substitution><Template>/`</Template><Normal Text>)</Normal Text><Symbol>;</Symbol><br/>
<Keyword>const</Keyword><Normal Text> </Normal Text><Normal Text>rootDir </Normal Text><Symbol>=</Symbol><Normal Text> </Normal Text><Objects>path</Objects><Symbol>.</Symbol><Function Name>dirname</Function Name><Normal Text>(</Normal Text><Normal Text>__dirname)</Normal Text><Symbol>;</Symbol><br/>
<Normal Text></Normal Text><br/>
<Keyword>const</Keyword><Normal Text> </Normal Text><Normal Text>defaultBrowser </Normal Text><Symbol>=</Symbol><Normal Text> </Normal Text><Objects>os</Objects><Symbol>.</Symbol><Function Name>platform</Function Name><Normal Text>(</Normal Text><Normal Text>) </Normal Text><Symbol>===</Symbol><Normal Text> </Normal Text><String>"win32"</String><Normal Text> </Normal Text><Symbol>?</Symbol><Normal Text> </Normal Text><String>"edge"</String><Normal Text> </Normal Text><Symbol>:</Symbol><Normal Text> </Normal Text><String>"chrome"</String><Symbol>;</Symbol><br/>
<Reserved>let</Reserved><Normal Text> browser</Normal Text><Symbol>:</Symbol><Normal Text> </Normal Text><String>"edge"</String><Normal Text> </Normal Text><Symbol>|</Symbol><Normal Text> </Normal Text><String>"chrome"</String><Normal Text> </Normal Text><Symbol>|</Symbol><Normal Text> </Normal Text><String>"none"</String><Normal Text> </Normal Text><Symbol>=</Symbol><Normal Text> </Normal Text><Normal Text>defaultBrowser</Normal Text><Symbol>;</Symbol><br/>
<Reserved>let</Reserved><Normal Text> grep</Normal Text><Symbol>:</Symbol><Normal Text> </Normal Text><Types/Primitives>string</Types/Primitives><Normal Text> </Normal Text><Symbol>|</Symbol><Normal Text> </Normal Text><Keyword>undefined</Keyword><Symbol>;</Symbol><br/>
<Normal Text></Normal Text><br/>
<Reserved>interface</Reserved><Normal Text> </Normal Text><Normal Text>FileBasedTestConfiguration </Normal Text><Symbol>{</Symbol><br/>
<Normal Text>    </Normal Text><Symbol>[</Symbol><Normal Text>setting</Normal Text><Symbol>:</Symbol><Normal Text> </Normal Text><Types/Primitives>string</Types/Primitives><Symbol>]:</Symbol><Normal Text> </Normal Text><Types/Primitives>string</Types/Primitives><Symbol>;</Symbol><br/>
<Symbol>}</Symbol><br/>
<Normal Text></Normal Text><br/>
<Keyword>function</Keyword><Normal Text> </Normal Text><Function Name>swapCase</Function Name><Normal Text>(s</Normal Text><Symbol>:</Symbol><Normal Text> </Normal Text><Types/Primitives>string</Types/Primitives><Normal Text>)</Normal Text><Symbol>:</Symbol><Normal Text> </Normal Text><Types/Primitives>string</Types/Primitives><Normal Text> </Normal Text><Symbol>{</Symbol><br/>
<Normal Text>    </Normal Text><ControlFlow>return</ControlFlow><Normal Text> </Normal Text><Objects>s</Objects><Symbol>.</Symbol><Function Name>replace</Function Name><Normal Text>(</Normal Text><Regular Expression>/</Regular Expression><Pattern Character Class>\w</Pattern Character Class><Regular Expression>/g</Regular Expression><Symbol>,</Symbol><Normal Text> (</Normal Text><Normal Text>ch) </Normal Text><Special Operators>=></Special Operators><Normal Text> </Normal Text><Symbol>{</Symbol><br/>
<Normal Text>        </Normal Text><Keyword>const</Keyword><Normal Text> </Normal Text><Normal Text>up </Normal Text><Symbol>=</Symbol><Normal Text> </Normal Text><Objects>ch</Objects><Symbol>.</Symbol><Function Name>toUpperCase</Function Name><Normal Text>(</Normal Text><Normal Text>)</Normal Text><Symbol>;</Symbol><br/>
<Normal Text>        </Normal Text><ControlFlow>return</ControlFlow><Normal Text> </Normal Text><Normal Text>ch </Normal Text><Symbol>===</Symbol><Normal Text> </Normal Text><Normal Text>up </Normal Text><Symbol>?</Symbol><Normal Text> </Normal Text><Objects>ch</Objects><Symbol>.</Symbol><Function Name>toLowerCase</Function Name><Normal Text>(</Normal Text><Normal Text>) </Normal Text><Symbol>:</Symbol><Normal Text> </Normal Text><Normal Text>up</Normal Text><Symbol>;</Symbol><br/>
<Normal Text>    </Normal Text><Symbol>}</Symbol><Normal Text>)</Normal Text><Symbol>;</Symbol><br/>
<Symbol>}</Symbol><br/>
