<Keyword>sankey</Keyword><br/>
<Normal>  </Normal><Comment>%% ds</Comment><br/>
<Normal>  </Normal><Node>Pumped *heat*</Node><List Separator>,</List Separator><Node>Heating homes(a){a}[a]<>*=\!+?@^|#-$.`~%/&:';</Node><List Separator>,</List Separator><Normal> </Normal><Number>193.026</Number><br/>
<Quoted Text Delimiter>"</Quoted Text Delimiter><Quoted Text>dsPumped ds </Quoted Text><br/>
<Quoted Text>heat</Quoted Text><Quoted Text Delimiter>"</Quoted Text Delimiter><List Separator>,</List Separator><Quoted Text Delimiter>"</Quoted Text Delimiter><Quoted Text>Heating and cooling</Quoted Text><br/>
<Quoted Text>, </Quoted Text><Special Text Char>""</Special Text Char><Quoted Text>commercial</Quoted Text><Special Text Char>""</Special Text Char><Quoted Text Delimiter>"</Quoted Text Delimiter><List Separator>,</List Separator><Number>70.672</Number><br/>
<Normal> </Normal><Error>"</Error><Node> oups</Node><List Separator>,</List Separator><Node> </Node><Error>"</Error><Node> oups</Node><List Separator>,</List Separator><Normal> </Normal><Number>12</Number><br/>
