<Keyword>mindmap</Keyword><br/>
<Normal>  </Normal><Node>root</Node><Shape>((</Shape><Text>mindmap</Text><Shape>))</Shape><br/>
<Normal>    </Normal><Node>id</Node><Shape>[</Shape><Text>I am a square</Text><Shape>]</Shape><br/>
<Normal>    </Normal><Node>id</Node><Shape>(</Shape><Text>I am a rounded square</Text><Shape>)</Shape><br/>
<Normal>    </Normal><Node>id</Node><Shape>((</Shape><Text>I am a circle</Text><Shape>))</Shape><br/>
<Normal>    </Normal><Node>id</Node><Shape>))</Shape><Text>I am a bang</Text><Shape>((</Shape><br/>
<Normal>    </Normal><Node>id</Node><Shape>)</Shape><Text>I am a cloud</Text><Shape>(</Shape><br/>
<Normal>    </Normal><Node>id</Node><Shape>{{</Shape><Text>I am a hexagon</Text><Shape>}}</Shape><br/>
<Normal>    </Normal><Node>id</Node><Shape>[</Shape><Quoted Text Delimiter>"</Quoted Text Delimiter><Quoted Text>I am a square</Quoted Text><Quoted Text Delimiter>"</Quoted Text Delimiter><Error> </Error><Shape>]</Shape><br/>
<Normal>    </Normal><Comment>%%                ~ oups</Comment><br/>
<Normal>    </Normal><Node>Origins</Node><br/>
<Normal>      </Normal><Node>Long history </Node><br/>
<Normal>      </Normal><Annotation Delimiter>::icon(</Annotation Delimiter><Annotation>fa fa-book</Annotation><Annotation Delimiter>)</Annotation Delimiter><br/>
<Normal>      </Normal><Node>Popularisation</Node><br/>
<Normal>        </Normal><Node>British popular psychology author Tony Buzan</Node><br/>
<Normal>    </Normal><Node>Research</Node><br/>
<Normal>      </Normal><Node>On effectiveness</Node><HTML Tag><br/></HTML Tag><Node>and features</Node><br/>
<Normal>      </Normal><Node>On </Node><Special Text Char>**</Special Text Char><Node>Automatic</Node><Special Text Char>**</Special Text Char><Node> creation</Node><br/>
<Normal>        </Normal><Node>Uses</Node><br/>
<Normal>            </Normal><Node>Creative techniques </Node><Math Delimiter>$$</Math Delimiter><Node>sin f</Node><Math Delimiter>$$</Math Delimiter><br/>
<Normal>            </Normal><Class Name Delimiter>:::</Class Name Delimiter><Class Name>urgent large</Class Name><br/>
<Normal>            </Normal><Node>Strategic planning</Node><br/>
<Normal>            </Normal><Node>Argument mapping</Node><br/>
<Normal>    </Normal><Node>Tools</Node><br/>
<Normal>      </Normal><Node>Pen </Node><Special Text Char>__</Special Text Char><Node>and</Node><Special Text Char>__</Special Text Char><Node> paper</Node><br/>
<Normal>      </Normal><Node>Mermaid</Node><br/>
