<Normal Text>-- kate: hl </Normal Text><Keyword>SQL</Keyword><Normal Text> (Oracle)</Normal Text><br/>
<Normal Text>-- </Normal Text><Keyword>test</Keyword><Normal Text> </Normal Text><Keyword>case</Keyword><Normal Text> shipped </Normal Text><Keyword>with</Keyword><Normal Text> highlighting </Normal Text><Keyword>in</Keyword><Normal Text> bugzilla, LGPL</Normal Text><br/>
<dsNormal></dsNormal><br/>
<Keyword>begin</Keyword><br/>
<Normal Text>	</Normal Text><Operator>q'{</Operator><String>adfasdf'sadfasdf j</String><Operator>}'</Operator><Normal Text>{</Normal Text><String>' hkjhkhkjhkjh khlkhklj'</String><Normal Text>fghdfghdfgh</Normal Text><String>'hkjh'</String><Normal Text>jkhkh</Normal Text><String>'a'</String><br/>
<Normal Text>	</Normal Text><Operator>Q'(</Operator><String>asldflahsl;'dkjfhklsdfh</String><Operator>)'</Operator><br/>
<Normal Text>	</Normal Text><Operator>q'[</Operator><String>asdasd;'asdasd'a]sd'asd'asasd</String><Operator>]'</Operator><Normal Text>;11111111[1</Normal Text><String>']; asdasdasdasd'</String><Normal Text>errrrrrrrrrrrrrr-p</Normal Text><br/>
<dsNormal></dsNormal><br/>
<Normal Text>	</Normal Text><Operator>q'a</Operator><String>gdfgsdfgfhfghjfgh'f'f'sdfg'sdfg'dfg#</String><Operator>a'</Operator><Normal Text> dafdfadasfasdf;</Normal Text><br/>
<dsNormal></dsNormal><br/>
<Normal Text>	</Normal Text><Operator>Q'#</Operator><String>gdfgsdfgsdfgsdfgsdfg</String><Operator>#'</Operator><Normal Text> afgasasdfasdfasfasdfasdfasdfasdfsdf</Normal Text><br/>
<dsNormal></dsNormal><br/>
<Normal Text>	</Normal Text><Keyword>if</Keyword><Normal Text> sldfjsdj </Normal Text><Keyword>then</Keyword><br/>
<Normal Text>		</Normal Text><Keyword>case</Keyword><br/>
<Normal Text>			</Normal Text><Keyword>when</Keyword><Normal Text> 1=1 </Normal Text><Keyword>then</Keyword><br/>
<Normal Text>				aslfjsldkfj;</Normal Text><br/>
<Normal Text>			</Normal Text><Keyword>when</Keyword><Normal Text> 2=2 </Normal Text><Keyword>then</Keyword><br/>
<Normal Text>				asdfg;</Normal Text><br/>
<Normal Text>			</Normal Text><Keyword>else</Keyword><br/>
<Normal Text>				</Normal Text><Keyword>null</Keyword><Normal Text>;</Normal Text><br/>
<Normal Text>		</Normal Text><Keyword>end case</Keyword><Normal Text>;</Normal Text><br/>
<Normal Text>		</Normal Text><br/>
<Normal Text>		</Normal Text><Keyword>if</Keyword><Normal Text> sdfjh </Normal Text><Keyword>then</Keyword><br/>
<Normal Text>			</Normal Text><Keyword>for</Keyword><Normal Text> i </Normal Text><Keyword>in</Keyword><Normal Text> 1 </Normal Text><Operator>..</Operator><Normal Text> 2</Normal Text><br/>
<Normal Text>			</Normal Text><Keyword>LOOP</Keyword><br/>
<Normal Text>				dbms_output.put_line(</Normal Text><Operator>q';</Operator><String>ololo</String><Operator>;'</Operator><Normal Text>);</Normal Text><br/>
<Normal Text>			</Normal Text><Keyword>END Loop</Keyword><Normal Text>;</Normal Text><br/>
<Normal Text>			</Normal Text><br/>
<Normal Text>			</Normal Text><Keyword>while</Keyword><Normal Text> </Normal Text><Keyword>true</Keyword><br/>
<Normal Text>			</Normal Text><Keyword>loop</Keyword><br/>
<Normal Text>				dbms_output.put_line(</Normal Text><String>'1111'</String><Normal Text>);</Normal Text><br/>
<Normal Text>			</Normal Text><Keyword>end loop</Keyword><Normal Text>;</Normal Text><br/>
<Normal Text>		</Normal Text><Keyword>end if</Keyword><Normal Text>;</Normal Text><br/>
<Normal Text>		ksjfklasjd;</Normal Text><br/>
<Normal Text>		fklj;</Normal Text><br/>
<Normal Text>	els</Normal Text><Keyword>if</Keyword><br/>
<Normal Text>		sdklfjsdklfj;</Normal Text><br/>
<Normal Text>	</Normal Text><Keyword>else</Keyword><br/>
<Normal Text>		sdfdfsdf;</Normal Text><br/>
<Normal Text>	</Normal Text><Keyword>end if</Keyword><Normal Text>;</Normal Text><br/>
<Keyword>end</Keyword><Normal Text>;</Normal Text><br/>
