<Keyword>requirementDiagram</Keyword><br/>
<Error></Error><br/>
<Comment>% a bad comment, because mermaid...</Comment><br/>
<Comment>%% a comment</Comment><br/>
<Error></Error><br/>
<Keyword>requirement</Keyword><Normal> </Normal><Node>test_req</Node><Class Name Delimiter>:::</Class Name Delimiter><Class Name>important </Class Name><Curly Bracket Block Delimiter>{</Curly Bracket Block Delimiter><br/>
<Normal>    </Normal><Property>id</Property><Property Separator>:</Property Separator><Normal> </Normal><Text>123</Text><br/>
<Normal>    </Normal><Property>text</Property><Property Separator>:</Property Separator><Normal> </Normal><Quoted Text Delimiter>"</Quoted Text Delimiter><Quoted Text>class styling example</Quoted Text><Quoted Text Delimiter>"</Quoted Text Delimiter><br/>
<Normal>    </Normal><Property>risk</Property><Property Separator>:</Property Separator><Normal> </Normal><Keyword Parameter>low</Keyword Parameter><br/>
<Normal>    </Normal><Comment>%% error on "lo"</Comment><br/>
<Normal>    </Normal><Property>risk</Property><Property Separator>:</Property Separator><Normal> </Normal><Error>lo</Error><br/>
<Normal>    </Normal><Property>verifymethod</Property><Property Separator>:</Property Separator><Normal> </Normal><Keyword Parameter>test</Keyword Parameter><br/>
<Normal>    </Normal><Property>VerifyMethoD</Property><Property Separator>:</Property Separator><Normal> </Normal><Keyword Parameter>TesT</Keyword Parameter><br/>
<Curly Bracket Block Delimiter>}</Curly Bracket Block Delimiter><br/>
<Node>testreq</Node><Class Name Delimiter>:::</Class Name Delimiter><Class Name>important</Class Name><br/>
<Error></Error><br/>
<Keyword>element</Keyword><Normal> </Normal><Quoted Text Delimiter>"</Quoted Text Delimiter><Special Text Char>__</Special Text Char><Quoted Text>a__c</Quoted Text><Special Text Char>__*</Special Text Char><Quoted Text>abx</Quoted Text><Special Text Char>*__</Special Text Char><Quoted Text>a__c</Quoted Text><Special Text Char>__</Special Text Char><HTML Tag><b></HTML Tag><Quoted Text>abc</Quoted Text><Entity>&lt;</Entity><Quoted Text>abc</Quoted Text><Entity>#abc;</Entity><Quoted Text>&abc#abc</Quoted Text><Special Text Char>\</Special Text Char><Quoted Text>*x</Quoted Text><Special Text Char>\</Special Text Char><Quoted Text>_ y</Quoted Text><Quoted Text Delimiter>"</Quoted Text Delimiter><Node> </Node><Curly Bracket Block Delimiter>{</Curly Bracket Block Delimiter><br/>
<Normal>    </Normal><Property>docref</Property><Property Separator>:</Property Separator><Normal> </Normal><Text>bla bla</Text><br/>
<Normal>    </Normal><Property>docref</Property><Property Separator>:</Property Separator><Normal> </Normal><Error>+</Error><Normal> </Normal><Text>oups</Text><br/>
<Normal>    </Normal><Property>docref</Property><Property Separator>:</Property Separator><Normal> </Normal><Error>é</Error><Text> oups</Text><br/>
<Normal>    </Normal><Property>docref</Property><Property Separator>:</Property Separator><Normal> </Normal><Text>but ok for é...</Text><br/>
<Normal>    </Normal><Comment>% error: unknown doref + < + ></Comment><br/>
<Normal>    </Normal><Error>doref</Error><Property Separator>:</Property Separator><Normal> </Normal><Special Text Char>__</Special Text Char><Text>a__c</Text><Special Text Char>__*</Special Text Char><Text>abx</Text><Special Text Char>*__</Special Text Char><Text>a__c</Text><Special Text Char>__</Special Text Char><Error><</Error><Text>b</Text><Error>></Error><Text>abc</Text><Entity>&lt;</Entity><Text>abc</Text><Entity>#abc;</Entity><Text>&abc#abc</Text><Special Text Char>\</Special Text Char><Text>*x</Text><Special Text Char>\</Special Text Char><Text>_ y</Text><br/>
<Curly Bracket Block Delimiter>}</Curly Bracket Block Delimiter><br/>
<Error></Error><br/>
<Keyword>element</Keyword><Normal> </Normal><Special Text Char>__</Special Text Char><Node>a__c</Node><Special Text Char>__*</Special Text Char><Node>abx</Node><Special Text Char>*__</Special Text Char><Node>a__c</Node><Special Text Char>__</Special Text Char><Error><</Error><Node>b</Node><Error>></Error><Node>abc</Node><Entity>&lt;</Entity><Node>abc</Node><Entity>#abc;</Entity><Node>&abc#abc</Node><Special Text Char>\</Special Text Char><Node>*x</Node><Special Text Char>\</Special Text Char><Node>_ y </Node><Curly Bracket Block Delimiter>{</Curly Bracket Block Delimiter><br/>
<Normal>    </Normal><Property>type</Property><Property Separator>:</Property Separator><Normal> </Normal><Text>direction functionalRequirementrequirementDiagra0dsd ds s++%% simulation %% ds element</Text><br/>
<Normal>    </Normal><Comment>%% error on "id"</Comment><br/>
<Normal>    </Normal><Property>type</Property><Property Separator>:</Property Separator><Normal> </Normal><Error>Id</Error><Text> is a keyword</Text><br/>
<Curly Bracket Block Delimiter>}</Curly Bracket Block Delimiter><br/>
<Node>a</Node><Class Name Delimiter>:::</Class Name Delimiter><Normal>  </Normal><Class Name>im portant</Class Name><br/>
<Error></Error><br/>
<Node>test_entity </Node><Link><-</Link><Normal> </Normal><Keyword Parameter>satisfies</Keyword Parameter><Normal> </Normal><Link>-</Link><Normal> </Normal><Quoted Text Delimiter>"</Quoted Text Delimiter><Quoted Text>test_req</Quoted Text><Quoted Text Delimiter>"</Quoted Text Delimiter><br/>
<Quoted Text Delimiter>"</Quoted Text Delimiter><Quoted Text>test_entity</Quoted Text><Quoted Text Delimiter>"</Quoted Text Delimiter><Normal> </Normal><Link>-</Link><Normal> </Normal><Keyword Parameter>satisfies</Keyword Parameter><Normal> </Normal><Link>-></Link><Normal> </Normal><Node>test_req</Node><br/>
<Error>&</Error><Node>lt;entity </Node><Link>-</Link><Normal> </Normal><Error>unknown</Error><Normal> </Normal><Link>-></Link><Normal> </Normal><Error>&</Error><Node>lt;entity"x</Node><br/>
<Error></Error><br/>
<Keyword>classDef</Keyword><Normal> </Normal><Class Name>important</Class Name><Normal> </Normal><Style Property>font-weight</Style Property><Style Property Separator>:</Style Property Separator><Style Value>bold</Style Value><br/>
<Keyword>classDef</Keyword><Normal> </Normal><Quoted Text Delimiter>"</Quoted Text Delimiter><Quoted Text>important</Quoted Text><Quoted Text Delimiter>"</Quoted Text Delimiter><Normal> </Normal><Style Property>font-weight</Style Property><Style Property Separator>:</Style Property Separator><Style Value>bold</Style Value><br/>
<Keyword>classDef</Keyword><Normal> </Normal><Class Name>important</Class Name><Normal> </Normal><List Separator>,</List Separator><Normal> </Normal><Quoted Text Delimiter>"</Quoted Text Delimiter><Quoted Text>a</Quoted Text><Quoted Text Delimiter>"</Quoted Text Delimiter><Normal> </Normal><Style Property>font-weight</Style Property><Style Property Separator>:</Style Property Separator><Style Value>bold</Style Value><br/>
<Keyword>classDef</Keyword><Normal> </Normal><Quoted Text Delimiter>"</Quoted Text Delimiter><Quoted Text>important</Quoted Text><Quoted Text Delimiter>"</Quoted Text Delimiter><Normal> </Normal><List Separator>,</List Separator><Normal> </Normal><Class Name>a</Class Name><Special Text Char>*</Special Text Char><Class Name>b</Class Name><Special Text Char>*</Special Text Char><Class Name>c</Class Name><Normal> </Normal><Style Property>font-weight</Style Property><Style Property Separator>:</Style Property Separator><Style Value>bold</Style Value><br/>
<Error></Error><br/>
<Keyword>class</Keyword><Normal> </Normal><Node>entity</Node><Normal> </Normal><Class Name>important</Class Name><Normal> </Normal><List Separator>,</List Separator><Normal> </Normal><Class Name>a</Class Name><Special Text Char>*</Special Text Char><Class Name>b</Class Name><Special Text Char>*</Special Text Char><Class Name>c</Class Name><br/>
<Keyword>class</Keyword><Normal> </Normal><Quoted Text Delimiter>"</Quoted Text Delimiter><Quoted Text>testa entity</Quoted Text><Quoted Text Delimiter>"</Quoted Text Delimiter><Normal> </Normal><Class Name>important</Class Name><Normal> </Normal><List Separator>,</List Separator><Normal> </Normal><Quoted Text Delimiter>"</Quoted Text Delimiter><Quoted Text>a</Quoted Text><Quoted Text Delimiter>"</Quoted Text Delimiter><br/>
<Keyword>class</Keyword><Normal> </Normal><Node>entity</Node><Normal> </Normal><List Separator>,</List Separator><Normal> </Normal><Quoted Text Delimiter>"</Quoted Text Delimiter><Quoted Text>a</Quoted Text><Quoted Text Delimiter>"</Quoted Text Delimiter><Normal> </Normal><Quoted Text Delimiter>"</Quoted Text Delimiter><Quoted Text>important</Quoted Text><Quoted Text Delimiter>"</Quoted Text Delimiter><Normal> </Normal><List Separator>,</List Separator><Normal> </Normal><Class Name>a</Class Name><Special Text Char>*</Special Text Char><Class Name>b</Class Name><Special Text Char>*</Special Text Char><Class Name>c</Class Name><br/>
<Keyword>class</Keyword><Normal> </Normal><Quoted Text Delimiter>"</Quoted Text Delimiter><Quoted Text>testa entity</Quoted Text><Quoted Text Delimiter>"</Quoted Text Delimiter><Normal> </Normal><List Separator>,</List Separator><Normal> </Normal><Node>a</Node><Special Text Char>*</Special Text Char><Node>b</Node><Special Text Char>*</Special Text Char><Node>c</Node><Normal> </Normal><Quoted Text Delimiter>"</Quoted Text Delimiter><Quoted Text>important</Quoted Text><Quoted Text Delimiter>"</Quoted Text Delimiter><Normal> </Normal><List Separator>,</List Separator><Normal> </Normal><Quoted Text Delimiter>"</Quoted Text Delimiter><Quoted Text>a</Quoted Text><Quoted Text Delimiter>"</Quoted Text Delimiter><br/>
<Error></Error><br/>
<Keyword>style</Keyword><Normal> </Normal><Node>entity</Node><Normal> </Normal><Style Property>fill</Style Property><Style Property Separator>:</Style Property Separator><Style Hexadeximal Color>#93f</Style Hexadeximal Color><List Separator>,</List Separator><Style Property>stroke</Style Property><Style Property Separator>:</Style Property Separator><Style Hexadeximal Color>#333</Style Hexadeximal Color><br/>
<Keyword>style</Keyword><Normal> </Normal><Quoted Text Delimiter>"</Quoted Text Delimiter><Quoted Text>testa entity</Quoted Text><Quoted Text Delimiter>"</Quoted Text Delimiter><Normal> </Normal><Style Property>fill</Style Property><Style Property Separator>:</Style Property Separator><Style Hexadeximal Color>#93f</Style Hexadeximal Color><List Separator>,</List Separator><Style Property>stroke</Style Property><Style Property Separator>:</Style Property Separator><Style Hexadeximal Color>#333</Style Hexadeximal Color><br/>
<Keyword>style</Keyword><Normal> </Normal><Node>entity</Node><Normal> </Normal><List Separator>,</List Separator><Normal> </Normal><Quoted Text Delimiter>"</Quoted Text Delimiter><Quoted Text>a</Quoted Text><Quoted Text Delimiter>"</Quoted Text Delimiter><Normal> </Normal><Style Property>fill</Style Property><Style Property Separator>:</Style Property Separator><Style Hexadeximal Color>#93f</Style Hexadeximal Color><List Separator>,</List Separator><Style Property>stroke</Style Property><Style Property Separator>:</Style Property Separator><Style Hexadeximal Color>#333</Style Hexadeximal Color><br/>
<Keyword>style</Keyword><Normal> </Normal><Quoted Text Delimiter>"</Quoted Text Delimiter><Quoted Text>testa entity</Quoted Text><Quoted Text Delimiter>"</Quoted Text Delimiter><Normal> </Normal><List Separator>,</List Separator><Normal> </Normal><Node>a</Node><Special Text Char>*</Special Text Char><Node>b</Node><Special Text Char>*</Special Text Char><Node>c</Node><Normal> </Normal><Style Property>fill</Style Property><Style Property Separator>:</Style Property Separator><Style Hexadeximal Color>#93f</Style Hexadeximal Color><List Separator>,</List Separator><Style Property>stroke</Style Property><Style Property Separator>:</Style Property Separator><Style Hexadeximal Color>#333</Style Hexadeximal Color><br/>
