<Keyword>architecture-beta</Keyword><Normal> </Normal><br/>
<Normal>  </Normal><Keyword>group</Keyword><Normal> </Normal><Node>private_api</Node><Shape>(</Shape><Style Value>cloud</Style Value><Shape>)</Shape><Quoted Text Delimiter>[</Quoted Text Delimiter><Text>Private API</Text><Quoted Text Delimiter>]</Quoted Text Delimiter><Normal> </Normal><Keyword>in</Keyword><Normal> </Normal><Node>public_api</Node><Normal> </Normal><Comment>%% comment</Comment><br/>
<Normal>  </Normal><Keyword>service</Keyword><Normal> </Normal><Node>left_disk</Node><Shape>(</Shape><Style Value>disk</Style Value><Shape>)</Shape><Quoted Text Delimiter>[</Quoted Text Delimiter><Text>Disk</Text><Quoted Text Delimiter>]</Quoted Text Delimiter><br/>
<Normal>  </Normal><Keyword>junction</Keyword><Normal> </Normal><Node>junctionRight</Node><br/>
<Normal>  </Normal><Node>left_disk</Node><Annotation Delimiter>{</Annotation Delimiter><Annotation>group</Annotation><Annotation Delimiter>}</Annotation Delimiter><Symbol Separator>:</Symbol Separator><Keyword Parameter>R</Keyword Parameter><Normal> </Normal><Link>--</Link><Normal> </Normal><Keyword Parameter>L</Keyword Parameter><Symbol Separator>:</Symbol Separator><Node>junctionCenter</Node><br/>
<Normal>  </Normal><Node>bottom_gateway</Node><Symbol Separator>:</Symbol Separator><Keyword Parameter>T</Keyword Parameter><Link><--></Link><Keyword Parameter>B</Keyword Parameter><Symbol Separator>:</Symbol Separator><Node>junctionRight</Node><br/>
<Normal>  </Normal><Comment>%% error when starts with T...</Comment><br/>
<Normal>  </Normal><Error>T</Error><Node>H</Node><Symbol Separator>:</Symbol Separator><Keyword Parameter>T</Keyword Parameter><Normal> </Normal><Link>--></Link><Normal> </Normal><Keyword Parameter>B</Keyword Parameter><Symbol Separator>:</Symbol Separator><Node>id</Node><br/>
