<Imports>using</Imports><Properties> </Properties><Widgets>Gtk</Widgets><Normal Text> </Normal Text><Float>4.0</Float><Normal Text>;</Normal Text><br/>
<Imports>using</Imports><Properties> </Properties><Widgets>Adw</Widgets><Normal Text> </Normal Text><Int>1</Int><Normal Text>;</Normal Text><br/>
<Imports>using</Imports><Properties> </Properties><Widgets>Shumate</Widgets><Normal Text> </Normal Text><Float>1.0</Float><Normal Text>;</Normal Text><br/>
<Normal Text></Normal Text><br/>
<Imports>template</Imports><Properties> </Properties><Widgets>$ShumateDemoWindow</Widgets><Normal Text>: </Normal Text><Widgets>Adw</Widgets><Normal Text>.</Normal Text><Widgets>ApplicationWindow</Widgets><Properties> </Properties><Normal Text>{</Normal Text><br/>
<Normal Text>    </Normal Text><Value>can-focus:</Value><Properties> </Properties><Closure>true</Closure><Normal Text>;</Normal Text><br/>
<Normal Text>    </Normal Text><Value>title:</Value><Properties> </Properties><BindingFlags>bind</BindingFlags><Normal Text> </Normal Text><Imports>template</Imports><Normal Text>.</Normal Text><Widget Name>my-property</Widget Name><Normal Text>; </Normal Text><Comments>// This is a comment in blueprint.</Comments><br/>
<Normal Text>    </Normal Text><Value>default-width:</Value><Properties> </Properties><Int>800</Int><Normal Text>;</Normal Text><br/>
<Normal Text>    </Normal Text><Value>default-height:</Value><Properties> </Properties><Int>600</Int><Normal Text>;</Normal Text><br/>
<Normal Text></Normal Text><br/>
<Normal Text>    [</Normal Text><Widget Name>titlebar</Widget Name><Normal Text>]</Normal Text><br/>
<Normal Text>    </Normal Text><Widgets>HeaderBar</Widgets><Properties> </Properties><Normal Text>{</Normal Text><br/>
<Normal Text>        </Normal Text><Widgets>DropDown</Widgets><Properties> </Properties><Closure>layers_dropdown</Closure><Normal Text> </Normal Text><Widgets>{</Widgets><br/>
<Normal Text>            </Normal Text><Value>notify:</Value><Normal Text>:</Normal Text><Widget Name>selected</Widget Name><Properties> </Properties><Normal Text>=> </Normal Text><Widgets>$</Widgets><Closure>_on_layers_dropdown_notify_selected</Closure><Normal Text>() </Normal Text><BindingFlags>swapped</BindingFlags><Normal Text>;</Normal Text><br/>
<Normal Text>        </Normal Text><Widgets>}</Widgets><br/>
<Normal Text>    </Normal Text><Widgets>}</Widgets><br/>
<Normal Text></Normal Text><br/>
<Normal Text>    </Normal Text><Widgets>Overlay</Widgets><Properties> </Properties><Closure>overlay</Closure><Normal Text> </Normal Text><Widgets>{</Widgets><br/>
<Normal Text>        </Normal Text><Value>vexpand:</Value><Properties> </Properties><Closure>true</Closure><Normal Text>;</Normal Text><br/>
<Normal Text></Normal Text><br/>
<Normal Text>        </Normal Text><Widgets>Shumate</Widgets><Normal Text>.</Normal Text><Widgets>Map</Widgets><Properties> </Properties><Closure>map</Closure><Normal Text> </Normal Text><Widgets>{}</Widgets><br/>
<Normal Text></Normal Text><br/>
<Normal Text>        [</Normal Text><Widget Name>overlay</Widget Name><Normal Text>]</Normal Text><br/>
<Normal Text>        </Normal Text><Widgets>Shumate</Widgets><Normal Text>.</Normal Text><Widgets>Scale</Widgets><Properties> </Properties><Closure>scale</Closure><Normal Text> </Normal Text><Widgets>{</Widgets><br/>
<Normal Text>            </Normal Text><Value>halign:</Value><Properties> </Properties><Closure>start</Closure><Normal Text>;</Normal Text><br/>
<Normal Text>            </Normal Text><Value>valign:</Value><Properties> </Properties><Closure>end</Closure><Normal Text>;</Normal Text><br/>
<Normal Text>        </Normal Text><Widgets>}</Widgets><br/>
<Normal Text></Normal Text><br/>
<Normal Text>        [</Normal Text><Widget Name>overlay</Widget Name><Normal Text>]</Normal Text><br/>
<Normal Text>        </Normal Text><Widgets>Box</Widgets><Properties> </Properties><Normal Text>{</Normal Text><br/>
<Normal Text>            </Normal Text><Value>visible:</Value><Properties> </Properties><BindingFlags>bind</BindingFlags><Normal Text> </Normal Text><Widgets>$</Widgets><Closure>_get_box_visible</Closure><Normal Text>(</Normal Text><Widget Name>map.visible</Widget Name><Normal Text>) </Normal Text><BindingFlags>as</BindingFlags><Normal Text> <</Normal Text><Widget Name>bool</Widget Name><Normal Text>>;</Normal Text><br/>
<Normal Text>            </Normal Text><Value>halign:</Value><Properties> </Properties><Closure>center</Closure><Normal Text>;</Normal Text><br/>
<Normal Text>            </Normal Text><Value>valign:</Value><Properties> </Properties><Closure>center</Closure><Normal Text>;</Normal Text><br/>
<Normal Text>            </Normal Text><Value>orientation:</Value><Properties> </Properties><Closure>horizontal</Closure><Normal Text>;</Normal Text><br/>
<Normal Text></Normal Text><br/>
<Normal Text>            </Normal Text><Widgets>Shumate</Widgets><Normal Text>.</Normal Text><Widgets>Compass</Widgets><Properties> </Properties><Closure>compass</Closure><Normal Text> </Normal Text><Widgets>{</Widgets><br/>
<Normal Text>                </Normal Text><Value>halign:</Value><Properties> </Properties><Closure>end</Closure><Normal Text>;</Normal Text><br/>
<Normal Text>                </Normal Text><Value>map:</Value><Properties> </Properties><Closure>map</Closure><Normal Text>;</Normal Text><br/>
<Normal Text>            </Normal Text><Widgets>}</Widgets><br/>
<Normal Text></Normal Text><br/>
<Normal Text>            </Normal Text><Widgets>Shumate</Widgets><Normal Text>.</Normal Text><Widgets>License</Widgets><Properties> </Properties><Closure>license</Closure><Normal Text> </Normal Text><Widgets>{</Widgets><br/>
<Normal Text>                </Normal Text><Value>halign:</Value><Properties> </Properties><BindingFlags>bind</BindingFlags><Normal Text> </Normal Text><Widget Name>compass.halign</Widget Name><Properties> </Properties><BindingFlags>inverted</BindingFlags><Normal Text>;</Normal Text><br/>
<Normal Text>            </Normal Text><Widgets>}</Widgets><br/>
<Normal Text></Normal Text><br/>
<Normal Text>            </Normal Text><Widgets>Label</Widgets><Properties> </Properties><Normal Text>{</Normal Text><br/>
<Normal Text>                </Normal Text><Value>label:</Value><Properties> </Properties><Normal Text>_(</Normal Text><String>"This Widget Was Written In Blueprint!"</String><Normal Text>);</Normal Text><br/>
<Normal Text></Normal Text><br/>
<Normal Text>                </Normal Text><Imports>styles</Imports><Properties> </Properties><Normal Text>[</Normal Text><br/>
<Normal Text>                    </Normal Text><String>"title-1"</String><Normal Text>,</Normal Text><br/>
<Normal Text>                    </Normal Text><String>"success"</String><Normal Text>,</Normal Text><br/>
<Normal Text>                ]</Normal Text><br/>
<Normal Text>            </Normal Text><Widgets>}</Widgets><br/>
<Normal Text></Normal Text><br/>
<Normal Text>            </Normal Text><Widgets>Button</Widgets><Properties> </Properties><Normal Text>{</Normal Text><br/>
<Normal Text>                </Normal Text><Value>label:</Value><Properties> </Properties><Normal Text>_(</Normal Text><String>"Press To Squeak :3"</String><Normal Text>);</Normal Text><br/>
<Normal Text>                </Normal Text><Widget Name>clicked</Widget Name><Properties> </Properties><Normal Text>=> </Normal Text><Widgets>$</Widgets><Closure>_on_button_clicked</Closure><Normal Text>();</Normal Text><br/>
<Normal Text></Normal Text><br/>
<Normal Text>                </Normal Text><Imports>styles</Imports><Properties> </Properties><Normal Text>[</Normal Text><br/>
<Normal Text>                    </Normal Text><String>"suggested-action"</String><Normal Text>,</Normal Text><br/>
<Normal Text>                    </Normal Text><String>"pill"</String><Normal Text>,</Normal Text><br/>
<Normal Text>                ]</Normal Text><br/>
<Normal Text>            </Normal Text><Widgets>}</Widgets><br/>
<Normal Text>        </Normal Text><Widgets>}</Widgets><br/>
<Normal Text>    </Normal Text><Widgets>}</Widgets><br/>
<Widgets>}</Widgets><br/>
