<Normal Text>kate: syntax Alerts;</Normal Text><br/>
<Normal Text>------------------------------------------------</Normal Text><br/>
<Normal Text>  "Alerts" test file.</Normal Text><br/>
<Normal Text>  This is a hidden language used to highlight</Normal Text><br/>
<Normal Text>  alerts in comments of others languages.</Normal Text><br/>
<Normal Text>------------------------------------------------</Normal Text><br/>
<Normal Text></Normal Text><br/>
<Normal Text>----- Keywords -----</Normal Text><br/>
<Normal Text></Normal Text><br/>
<Normal Text>  </Normal Text><Alert Level 1>ALERT</Alert Level 1><br/>
<Normal Text>  </Normal Text><Alert Level 1>ATTENTION</Alert Level 1><br/>
<Normal Text>  </Normal Text><Alert Level 1>DANGER</Alert Level 1><br/>
<Normal Text>  </Normal Text><Alert Level 1>HACK</Alert Level 1><br/>
<Normal Text>  </Normal Text><Alert Level 1>SECURITY</Alert Level 1><br/>
<Normal Text>  </Normal Text><Alert Level 2>BUG</Alert Level 2><br/>
<Normal Text>  </Normal Text><Alert Level 2>FIXME</Alert Level 2><br/>
<Normal Text>  </Normal Text><Alert Level 2>DEPRECATED</Alert Level 2><br/>
<Normal Text>  </Normal Text><Alert Level 2>TASK</Alert Level 2><br/>
<Normal Text>  </Normal Text><Alert Level 2>TODO</Alert Level 2><br/>
<Normal Text>  </Normal Text><Alert Level 2>TBD</Alert Level 2><br/>
<Normal Text>  </Normal Text><Alert Level 2>WARNING</Alert Level 2><br/>
<Normal Text>  </Normal Text><Alert Level 2>CAUTION</Alert Level 2><br/>
<Normal Text>  </Normal Text><Alert Level 2>NOLINT</Alert Level 2><br/>
<Normal Text>  </Normal Text><Alert Level 3>###</Alert Level 3><br/>
<Normal Text>  </Normal Text><Alert Level 3>NOTE</Alert Level 3><br/>
<Normal Text>  </Normal Text><Alert Level 3>NOTICE</Alert Level 3><br/>
<Normal Text>  </Normal Text><Alert Level 3>TEST</Alert Level 3><br/>
<Normal Text>  </Normal Text><Alert Level 3>TESTING</Alert Level 3><br/>
<Normal Text></Normal Text><br/>
<Normal Text>----- Region Markers -----</Normal Text><br/>
<Normal Text></Normal Text><br/>
<Normal Text>  </Normal Text><Region Marker>{{{</Region Marker><br/>
<Normal Text>    something</Normal Text><br/>
<Normal Text>  </Normal Text><Region Marker>}}}</Region Marker><br/>
<Normal Text></Normal Text><br/>
<Normal Text>  </Normal Text><Region Marker>BEGIN</Region Marker><br/>
<Normal Text>    something</Normal Text><br/>
<Normal Text>  </Normal Text><Region Marker>END</Region Marker><br/>
