<Comment># Read and parsed by systemd-localed. It's probably wise not to edit this file</Comment><br/>
<Comment># manually too freely.</Comment><br/>
<Section>Section</Section><Normal Text> </Normal Text><Section Name>"InputClass"</Section Name><br/>
<Normal Text>        </Normal Text><Keyword>Identifier </Keyword><Value>"system-keyboard"</Value><br/>
<Normal Text>        </Normal Text><Keyword>MatchIsKeyboard </Keyword><Value>"on"</Value><br/>
<Normal Text>        </Normal Text><Keyword>Option </Keyword><Value>"XkbLayout"</Value><Keyword> </Keyword><Value>"de"</Value><br/>
<Normal Text>        </Normal Text><Keyword>Option </Keyword><Value>"XkbModel"</Value><Keyword> </Keyword><Value>"pc105"</Value><br/>
<Section>EndSection</Section><br/>
